[36m  Serving HTML report at http://localhost:9323. Press Ctrl+C to quit.[39m
